Archive member included to satisfy reference by file (symbol)

/usr/lib/x86_64-linux-gnu/libc_nonshared.a(elf-init.oS)
                              /usr/lib/gcc/x86_64-linux-gnu/5/../../../x86_64-linux-gnu/crt1.o (__libc_csu_init)

Discarded input sections

 .note.GNU-stack
                0x0000000000000000        0x0 /usr/lib/gcc/x86_64-linux-gnu/5/../../../x86_64-linux-gnu/crt1.o
 .note.GNU-stack
                0x0000000000000000        0x0 /usr/lib/gcc/x86_64-linux-gnu/5/../../../x86_64-linux-gnu/crti.o
 .note.GNU-stack
                0x0000000000000000        0x0 /usr/lib/gcc/x86_64-linux-gnu/5/crtbegin.o
 .note.GNU-stack
                0x0000000000000000        0x0 ./data1.o
 .note.GNU-stack
                0x0000000000000000        0x0 ./debug.o
 .note.GNU-stack
                0x0000000000000000        0x0 ./memory.o
 .note.GNU-stack
                0x0000000000000000        0x0 ./conversion.o
 .note.GNU-stack
                0x0000000000000000        0x0 ./project1.o
 .note.GNU-stack
                0x0000000000000000        0x0 ./circbuf.o
 .note.GNU-stack
                0x0000000000000000        0x0 ./uart.o
 .note.GNU-stack
                0x0000000000000000        0x0 ./unit_tests.o
 .note.GNU-stack
                0x0000000000000000        0x0 /usr/lib/x86_64-linux-gnu/libc_nonshared.a(elf-init.oS)
 .note.GNU-stack
                0x0000000000000000        0x0 /usr/lib/gcc/x86_64-linux-gnu/5/crtend.o
 .note.GNU-stack
                0x0000000000000000        0x0 /usr/lib/gcc/x86_64-linux-gnu/5/../../../x86_64-linux-gnu/crtn.o

Memory Configuration

Name             Origin             Length             Attributes
*default*        0x0000000000000000 0xffffffffffffffff

Linker script and memory map

LOAD /usr/lib/gcc/x86_64-linux-gnu/5/../../../x86_64-linux-gnu/crt1.o
LOAD /usr/lib/gcc/x86_64-linux-gnu/5/../../../x86_64-linux-gnu/crti.o
LOAD /usr/lib/gcc/x86_64-linux-gnu/5/crtbegin.o
LOAD ./data1.o
LOAD ./debug.o
LOAD ./memory.o
LOAD ./conversion.o
LOAD ./project1.o
LOAD ./circbuf.o
LOAD ./uart.o
LOAD ./unit_tests.o
LOAD /usr/lib/gcc/x86_64-linux-gnu/5/libgcc.a
LOAD /usr/lib/gcc/x86_64-linux-gnu/5/libgcc_s.so
LOAD /usr/lib/gcc/x86_64-linux-gnu/5/../../../x86_64-linux-gnu/libc.so
START GROUP
LOAD /lib/x86_64-linux-gnu/libc.so.6
LOAD /usr/lib/x86_64-linux-gnu/libc_nonshared.a
LOAD /lib/x86_64-linux-gnu/ld-linux-x86-64.so.2
END GROUP
LOAD /usr/lib/gcc/x86_64-linux-gnu/5/libgcc.a
LOAD /usr/lib/gcc/x86_64-linux-gnu/5/libgcc_s.so
LOAD /usr/lib/gcc/x86_64-linux-gnu/5/crtend.o
LOAD /usr/lib/gcc/x86_64-linux-gnu/5/../../../x86_64-linux-gnu/crtn.o
                [!provide]                        PROVIDE (__executable_start, 0x400000)
                0x0000000000400238                . = (0x400000 + SIZEOF_HEADERS)

.interp         0x0000000000400238       0x1c
 *(.interp)
 .interp        0x0000000000400238       0x1c /usr/lib/gcc/x86_64-linux-gnu/5/../../../x86_64-linux-gnu/crt1.o

.note.ABI-tag   0x0000000000400254       0x20
 .note.ABI-tag  0x0000000000400254       0x20 /usr/lib/gcc/x86_64-linux-gnu/5/../../../x86_64-linux-gnu/crt1.o

.note.gnu.build-id
                0x0000000000400274       0x24
 *(.note.gnu.build-id)
 .note.gnu.build-id
                0x0000000000400274       0x24 /usr/lib/gcc/x86_64-linux-gnu/5/../../../x86_64-linux-gnu/crt1.o

.hash
 *(.hash)

.gnu.hash       0x0000000000400298       0x1c
 *(.gnu.hash)
 .gnu.hash      0x0000000000400298       0x1c /usr/lib/gcc/x86_64-linux-gnu/5/../../../x86_64-linux-gnu/crt1.o

.dynsym         0x00000000004002b8       0xd8
 *(.dynsym)
 .dynsym        0x00000000004002b8       0xd8 /usr/lib/gcc/x86_64-linux-gnu/5/../../../x86_64-linux-gnu/crt1.o

.dynstr         0x0000000000400390       0x73
 *(.dynstr)
 .dynstr        0x0000000000400390       0x73 /usr/lib/gcc/x86_64-linux-gnu/5/../../../x86_64-linux-gnu/crt1.o

.gnu.version    0x0000000000400404       0x12
 *(.gnu.version)
 .gnu.version   0x0000000000400404       0x12 /usr/lib/gcc/x86_64-linux-gnu/5/../../../x86_64-linux-gnu/crt1.o

.gnu.version_d  0x0000000000400418        0x0
 *(.gnu.version_d)
 .gnu.version_d
                0x0000000000400418        0x0 /usr/lib/gcc/x86_64-linux-gnu/5/../../../x86_64-linux-gnu/crt1.o

.gnu.version_r  0x0000000000400418       0x30
 *(.gnu.version_r)
 .gnu.version_r
                0x0000000000400418       0x30 /usr/lib/gcc/x86_64-linux-gnu/5/../../../x86_64-linux-gnu/crt1.o

.rela.dyn       0x0000000000400448       0x18
 *(.rela.init)
 *(.rela.text .rela.text.* .rela.gnu.linkonce.t.*)
 .rela.text     0x0000000000400448        0x0 /usr/lib/gcc/x86_64-linux-gnu/5/../../../x86_64-linux-gnu/crt1.o
 *(.rela.fini)
 *(.rela.rodata .rela.rodata.* .rela.gnu.linkonce.r.*)
 *(.rela.data .rela.data.* .rela.gnu.linkonce.d.*)
 *(.rela.tdata .rela.tdata.* .rela.gnu.linkonce.td.*)
 *(.rela.tbss .rela.tbss.* .rela.gnu.linkonce.tb.*)
 *(.rela.ctors)
 *(.rela.dtors)
 *(.rela.got)
 .rela.got      0x0000000000400448       0x18 /usr/lib/gcc/x86_64-linux-gnu/5/../../../x86_64-linux-gnu/crt1.o
 *(.rela.bss .rela.bss.* .rela.gnu.linkonce.b.*)
 .rela.bss      0x0000000000400460        0x0 /usr/lib/gcc/x86_64-linux-gnu/5/../../../x86_64-linux-gnu/crt1.o
 *(.rela.ldata .rela.ldata.* .rela.gnu.linkonce.l.*)
 *(.rela.lbss .rela.lbss.* .rela.gnu.linkonce.lb.*)
 *(.rela.lrodata .rela.lrodata.* .rela.gnu.linkonce.lr.*)
 *(.rela.ifunc)

.rela.plt       0x0000000000400460       0xa8
 *(.rela.plt)
 .rela.plt      0x0000000000400460       0xa8 /usr/lib/gcc/x86_64-linux-gnu/5/../../../x86_64-linux-gnu/crt1.o
                [!provide]                        PROVIDE (__rela_iplt_start, .)
 *(.rela.iplt)
 .rela.iplt     0x0000000000400508        0x0 /usr/lib/gcc/x86_64-linux-gnu/5/../../../x86_64-linux-gnu/crt1.o
                [!provide]                        PROVIDE (__rela_iplt_end, .)

.init           0x0000000000400508       0x1a
 *(SORT(.init))
 .init          0x0000000000400508       0x15 /usr/lib/gcc/x86_64-linux-gnu/5/../../../x86_64-linux-gnu/crti.o
                0x0000000000400508                _init
 .init          0x000000000040051d        0x5 /usr/lib/gcc/x86_64-linux-gnu/5/../../../x86_64-linux-gnu/crtn.o

.plt            0x0000000000400530       0x80
 *(.plt)
 .plt           0x0000000000400530       0x80 /usr/lib/gcc/x86_64-linux-gnu/5/../../../x86_64-linux-gnu/crt1.o
                0x0000000000400540                free@@GLIBC_2.2.5
                0x0000000000400550                putchar@@GLIBC_2.2.5
                0x0000000000400560                puts@@GLIBC_2.2.5
                0x0000000000400570                __stack_chk_fail@@GLIBC_2.4
                0x0000000000400580                printf@@GLIBC_2.2.5
                0x0000000000400590                __libc_start_main@@GLIBC_2.2.5
                0x00000000004005a0                malloc@@GLIBC_2.2.5
 *(.iplt)
 .iplt          0x00000000004005b0        0x0 /usr/lib/gcc/x86_64-linux-gnu/5/../../../x86_64-linux-gnu/crt1.o

.plt.got        0x00000000004005b0        0x8
 *(.plt.got)
 .plt.got       0x00000000004005b0        0x8 /usr/lib/gcc/x86_64-linux-gnu/5/../../../x86_64-linux-gnu/crt1.o

.plt.bnd
 *(.plt.bnd)

.text           0x00000000004005c0     0x2d82
 *(.text.unlikely .text.*_unlikely .text.unlikely.*)
 .text.unlikely
                0x00000000004005c0        0x0 /usr/lib/gcc/x86_64-linux-gnu/5/crtbegin.o
 .text.unlikely
                0x00000000004005c0        0x0 /usr/lib/x86_64-linux-gnu/libc_nonshared.a(elf-init.oS)
 *(.text.exit .text.exit.*)
 *(.text.startup .text.startup.*)
 *(.text.hot .text.hot.*)
 *(.text .stub .text.* .gnu.linkonce.t.*)
 .text          0x00000000004005c0       0x2a /usr/lib/gcc/x86_64-linux-gnu/5/../../../x86_64-linux-gnu/crt1.o
                0x00000000004005c0                _start
 .text          0x00000000004005ea        0x0 /usr/lib/gcc/x86_64-linux-gnu/5/../../../x86_64-linux-gnu/crti.o
 *fill*         0x00000000004005ea        0x6 
 .text          0x00000000004005f0       0xc6 /usr/lib/gcc/x86_64-linux-gnu/5/crtbegin.o
 .text          0x00000000004006b6      0x5b2 ./data1.o
                0x00000000004006b6                print_cstd_type_sizes
                0x0000000000400829                print_stdint_type_sizes
                0x00000000004009d8                print_pointer_sizes
                0x0000000000400b69                swap_data_endianness
                0x0000000000400c16                determine_endianness
 .text          0x0000000000400c68       0x5a ./debug.o
                0x0000000000400c68                print_array
 .text          0x0000000000400cc2      0x2a6 ./memory.o
                0x0000000000400cc2                my_memmove
                0x0000000000400d6c                my_memcpy
                0x0000000000400dcd                my_memset
                0x0000000000400e1d                my_memzero
                0x0000000000400e65                my_reverse
                0x0000000000400f0b                reserve_words
                0x0000000000400f3e                free_words
 .text          0x0000000000400f68      0x31e ./conversion.o
                0x0000000000400f68                my_itoa
                0x00000000004010f7                my_atoi
 .text          0x0000000000401286      0x8fe ./project1.o
                0x0000000000401286                test_data1
                0x0000000000401340                test_data2
                0x00000000004013fa                test_memmove1
                0x00000000004014e7                test_memmove2
                0x00000000004015d4                test_memmove3
                0x00000000004016c6                test_memcpy
                0x00000000004017b3                test_memset
                0x00000000004018d7                test_reverse
                0x0000000000401a63                project1
 .text          0x0000000000401b84      0x4e1 ./circbuf.o
                0x0000000000401b84                CB_init
                0x0000000000401c31                CB_destroy
                0x0000000000401c83                CB_buffer_add_item
                0x0000000000401daa                CB_buffer_remove_item
                0x0000000000401eca                CB_is_full
                0x0000000000401f29                CB_is_empty
                0x0000000000401f95                CB_peek
 .text          0x0000000000402065      0x330 ./uart.o
                0x0000000000402065                UART_configure
                0x00000000004021d9                UART_send
                0x0000000000402218                UART_send_n
                0x0000000000402276                UART_receive
                0x00000000004022b1                UART_receive_n
                0x000000000040230b                UART0_IRQHandler
 .text          0x0000000000402395      0xf3a ./unit_tests.o
                0x0000000000402395                main
                0x00000000004024e1                memmove_tests
                0x00000000004027f0                memset_tests
                0x00000000004028e1                memzero_tests
                0x00000000004029df                reverse_tests
                0x0000000000402b97                atoi_tests
                0x0000000000402cbd                itoa_tests
                0x0000000000402deb                endianness_tests
                0x0000000000402eda                circbuf_tests
 *fill*         0x00000000004032cf        0x1 
 .text          0x00000000004032d0       0x72 /usr/lib/x86_64-linux-gnu/libc_nonshared.a(elf-init.oS)
                0x00000000004032d0                __libc_csu_init
                0x0000000000403340                __libc_csu_fini
 .text          0x0000000000403342        0x0 /usr/lib/gcc/x86_64-linux-gnu/5/crtend.o
 .text          0x0000000000403342        0x0 /usr/lib/gcc/x86_64-linux-gnu/5/../../../x86_64-linux-gnu/crtn.o
 *(.gnu.warning)

.fini           0x0000000000403344        0x9
 *(SORT(.fini))
 .fini          0x0000000000403344        0x4 /usr/lib/gcc/x86_64-linux-gnu/5/../../../x86_64-linux-gnu/crti.o
                0x0000000000403344                _fini
 .fini          0x0000000000403348        0x5 /usr/lib/gcc/x86_64-linux-gnu/5/../../../x86_64-linux-gnu/crtn.o
                [!provide]                        PROVIDE (__etext, .)
                [!provide]                        PROVIDE (_etext, .)
                [!provide]                        PROVIDE (etext, .)

.rodata         0x0000000000403350      0xa80
 *(.rodata .rodata.* .gnu.linkonce.r.*)
 .rodata.cst4   0x0000000000403350        0x4 /usr/lib/gcc/x86_64-linux-gnu/5/../../../x86_64-linux-gnu/crt1.o
                0x0000000000403350                _IO_stdin_used
 .rodata        0x0000000000403354      0x208 ./data1.o
 .rodata        0x000000000040355c        0x4 ./debug.o
 .rodata        0x0000000000403560      0x185 ./project1.o
 *fill*         0x00000000004036e5        0x3 
 .rodata        0x00000000004036e8      0x6e8 ./unit_tests.o

.rodata1
 *(.rodata1)

.eh_frame_hdr   0x0000000000403dd0      0x19c
 *(.eh_frame_hdr)
 .eh_frame_hdr  0x0000000000403dd0      0x19c /usr/lib/gcc/x86_64-linux-gnu/5/../../../x86_64-linux-gnu/crt1.o
                0x0000000000403dd0                __GNU_EH_FRAME_HDR
 *(.eh_frame_entry .eh_frame_entry.*)

.eh_frame       0x0000000000403f70      0x69c
 *(.eh_frame)
 .eh_frame      0x0000000000403f70       0x30 /usr/lib/gcc/x86_64-linux-gnu/5/../../../x86_64-linux-gnu/crt1.o
 .eh_frame      0x0000000000403fa0       0x40 /usr/lib/gcc/x86_64-linux-gnu/5/../../../x86_64-linux-gnu/crt1.o
 .eh_frame      0x0000000000403fe0       0xa0 ./data1.o
                                         0xb8 (size before relaxing)
 .eh_frame      0x0000000000404080       0x20 ./debug.o
                                         0x38 (size before relaxing)
 .eh_frame      0x00000000004040a0       0xe0 ./memory.o
                                         0xf8 (size before relaxing)
 .eh_frame      0x0000000000404180       0x40 ./conversion.o
                                         0x58 (size before relaxing)
 .eh_frame      0x00000000004041c0      0x120 ./project1.o
                                        0x138 (size before relaxing)
 .eh_frame      0x00000000004042e0       0xe8 ./circbuf.o
                                        0x100 (size before relaxing)
 .eh_frame      0x00000000004043c8       0xc0 ./uart.o
                                         0xd8 (size before relaxing)
 .eh_frame      0x0000000000404488      0x120 ./unit_tests.o
                                        0x138 (size before relaxing)
 .eh_frame      0x00000000004045a8       0x60 /usr/lib/x86_64-linux-gnu/libc_nonshared.a(elf-init.oS)
                                         0x78 (size before relaxing)
 .eh_frame      0x0000000000404608        0x4 /usr/lib/gcc/x86_64-linux-gnu/5/crtend.o
 *(.eh_frame.*)

.gcc_except_table
 *(.gcc_except_table .gcc_except_table.*)

.gnu_extab
 *(.gnu_extab*)

.exception_ranges
 *(.exception_ranges .exception_ranges*)
                0x0000000000604e10                . = DATA_SEGMENT_ALIGN (0x200000, 0x1000)

.eh_frame
 *(.eh_frame)
 *(.eh_frame.*)

.gnu_extab
 *(.gnu_extab)

.gcc_except_table
 *(.gcc_except_table .gcc_except_table.*)

.exception_ranges
 *(.exception_ranges .exception_ranges*)

.tdata
 *(.tdata .tdata.* .gnu.linkonce.td.*)

.tbss
 *(.tbss .tbss.* .gnu.linkonce.tb.*)
 *(.tcommon)

.preinit_array  0x0000000000604e10        0x0
                [!provide]                        PROVIDE (__preinit_array_start, .)
 *(.preinit_array)
                [!provide]                        PROVIDE (__preinit_array_end, .)

.init_array     0x0000000000604e10        0x8
                0x0000000000604e10                PROVIDE (__init_array_start, .)
 *(SORT(.init_array.*) SORT(.ctors.*))
 *(.init_array EXCLUDE_FILE(*crtend?.o *crtend.o *crtbegin?.o *crtbegin.o) .ctors)
 .init_array    0x0000000000604e10        0x8 /usr/lib/gcc/x86_64-linux-gnu/5/crtbegin.o
                0x0000000000604e18                PROVIDE (__init_array_end, .)

.fini_array     0x0000000000604e18        0x8
                [!provide]                        PROVIDE (__fini_array_start, .)
 *(SORT(.fini_array.*) SORT(.dtors.*))
 *(.fini_array EXCLUDE_FILE(*crtend?.o *crtend.o *crtbegin?.o *crtbegin.o) .dtors)
 .fini_array    0x0000000000604e18        0x8 /usr/lib/gcc/x86_64-linux-gnu/5/crtbegin.o
                [!provide]                        PROVIDE (__fini_array_end, .)

.ctors
 *crtbegin.o(.ctors)
 *crtbegin?.o(.ctors)
 *(EXCLUDE_FILE(*crtend?.o *crtend.o) .ctors)
 *(SORT(.ctors.*))
 *(.ctors)

.dtors
 *crtbegin.o(.dtors)
 *crtbegin?.o(.dtors)
 *(EXCLUDE_FILE(*crtend?.o *crtend.o) .dtors)
 *(SORT(.dtors.*))
 *(.dtors)

.jcr            0x0000000000604e20        0x8
 *(.jcr)
 .jcr           0x0000000000604e20        0x0 /usr/lib/gcc/x86_64-linux-gnu/5/crtbegin.o
 .jcr           0x0000000000604e20        0x8 /usr/lib/gcc/x86_64-linux-gnu/5/crtend.o

.data.rel.ro
 *(.data.rel.ro.local* .gnu.linkonce.d.rel.ro.local.*)
 *(.data.rel.ro .data.rel.ro.* .gnu.linkonce.d.rel.ro.*)

.dynamic        0x0000000000604e28      0x1d0
 *(.dynamic)
 .dynamic       0x0000000000604e28      0x1d0 /usr/lib/gcc/x86_64-linux-gnu/5/../../../x86_64-linux-gnu/crt1.o
                0x0000000000604e28                _DYNAMIC

.got            0x0000000000604ff8        0x8
 *(.got)
 .got           0x0000000000604ff8        0x8 /usr/lib/gcc/x86_64-linux-gnu/5/../../../x86_64-linux-gnu/crt1.o
 *(.igot)
                0x0000000000605fe8                . = DATA_SEGMENT_RELRO_END (., (SIZEOF (.got.plt) >= 0x18)?0x18:0x0)

.got.plt        0x0000000000605000       0x50
 *(.got.plt)
 .got.plt       0x0000000000605000       0x50 /usr/lib/gcc/x86_64-linux-gnu/5/../../../x86_64-linux-gnu/crt1.o
                0x0000000000605000                _GLOBAL_OFFSET_TABLE_
 *(.igot.plt)
 .igot.plt      0x0000000000605050        0x0 /usr/lib/gcc/x86_64-linux-gnu/5/../../../x86_64-linux-gnu/crt1.o

.data           0x0000000000605050       0x10
 *(.data .data.* .gnu.linkonce.d.*)
 .data          0x0000000000605050        0x4 /usr/lib/gcc/x86_64-linux-gnu/5/../../../x86_64-linux-gnu/crt1.o
                0x0000000000605050                data_start
                0x0000000000605050                __data_start
 .data          0x0000000000605054        0x0 /usr/lib/gcc/x86_64-linux-gnu/5/../../../x86_64-linux-gnu/crti.o
 *fill*         0x0000000000605054        0x4 
 .data          0x0000000000605058        0x8 /usr/lib/gcc/x86_64-linux-gnu/5/crtbegin.o
                0x0000000000605058                __dso_handle
 .data          0x0000000000605060        0x0 ./data1.o
 .data          0x0000000000605060        0x0 ./debug.o
 .data          0x0000000000605060        0x0 ./memory.o
 .data          0x0000000000605060        0x0 ./conversion.o
 .data          0x0000000000605060        0x0 ./project1.o
 .data          0x0000000000605060        0x0 ./circbuf.o
 .data          0x0000000000605060        0x0 ./uart.o
 .data          0x0000000000605060        0x0 ./unit_tests.o
 .data          0x0000000000605060        0x0 /usr/lib/x86_64-linux-gnu/libc_nonshared.a(elf-init.oS)
 .data          0x0000000000605060        0x0 /usr/lib/gcc/x86_64-linux-gnu/5/crtend.o
 .data          0x0000000000605060        0x0 /usr/lib/gcc/x86_64-linux-gnu/5/../../../x86_64-linux-gnu/crtn.o

.tm_clone_table
                0x0000000000605060        0x0
 .tm_clone_table
                0x0000000000605060        0x0 /usr/lib/gcc/x86_64-linux-gnu/5/crtbegin.o
 .tm_clone_table
                0x0000000000605060        0x0 /usr/lib/gcc/x86_64-linux-gnu/5/crtend.o

.data1
 *(.data1)
                0x0000000000605060                _edata = .
                [!provide]                        PROVIDE (edata, .)
                0x0000000000605060                . = .
                0x0000000000605060                __bss_start = .

.bss            0x0000000000605060        0x8
 *(.dynbss)
 .dynbss        0x0000000000605060        0x0 /usr/lib/gcc/x86_64-linux-gnu/5/../../../x86_64-linux-gnu/crt1.o
 *(.bss .bss.* .gnu.linkonce.b.*)
 .bss           0x0000000000605060        0x0 /usr/lib/gcc/x86_64-linux-gnu/5/../../../x86_64-linux-gnu/crt1.o
 .bss           0x0000000000605060        0x0 /usr/lib/gcc/x86_64-linux-gnu/5/../../../x86_64-linux-gnu/crti.o
 .bss           0x0000000000605060        0x1 /usr/lib/gcc/x86_64-linux-gnu/5/crtbegin.o
 .bss           0x0000000000605061        0x0 ./data1.o
 .bss           0x0000000000605061        0x0 ./debug.o
 .bss           0x0000000000605061        0x0 ./memory.o
 .bss           0x0000000000605061        0x0 ./conversion.o
 .bss           0x0000000000605061        0x0 ./project1.o
 .bss           0x0000000000605061        0x0 ./circbuf.o
 .bss           0x0000000000605061        0x0 ./uart.o
 .bss           0x0000000000605061        0x0 ./unit_tests.o
 .bss           0x0000000000605061        0x0 /usr/lib/x86_64-linux-gnu/libc_nonshared.a(elf-init.oS)
 .bss           0x0000000000605061        0x0 /usr/lib/gcc/x86_64-linux-gnu/5/crtend.o
 .bss           0x0000000000605061        0x0 /usr/lib/gcc/x86_64-linux-gnu/5/../../../x86_64-linux-gnu/crtn.o
 *(COMMON)
                0x0000000000605068                . = ALIGN ((. != 0x0)?0x8:0x1)
 *fill*         0x0000000000605061        0x7 

.lbss
 *(.dynlbss)
 *(.lbss .lbss.* .gnu.linkonce.lb.*)
 *(LARGE_COMMON)
                0x0000000000605068                . = ALIGN (0x8)
                0x0000000000605068                . = SEGMENT_START ("ldata-segment", .)

.lrodata
 *(.lrodata .lrodata.* .gnu.linkonce.lr.*)

.ldata          0x0000000000a05068        0x0
 *(.ldata .ldata.* .gnu.linkonce.l.*)
                0x0000000000a05068                . = ALIGN ((. != 0x0)?0x8:0x1)
                0x0000000000a05068                . = ALIGN (0x8)
                0x0000000000a05068                _end = .
                [!provide]                        PROVIDE (end, .)
                0x0000000000a05068                . = DATA_SEGMENT_END (.)

.stab
 *(.stab)

.stabstr
 *(.stabstr)

.stab.excl
 *(.stab.excl)

.stab.exclstr
 *(.stab.exclstr)

.stab.index
 *(.stab.index)

.stab.indexstr
 *(.stab.indexstr)

.comment        0x0000000000000000       0x34
 *(.comment)
 .comment       0x0000000000000000       0x34 /usr/lib/gcc/x86_64-linux-gnu/5/crtbegin.o
                                         0x35 (size before relaxing)
 .comment       0x0000000000000034       0x35 ./data1.o
 .comment       0x0000000000000034       0x35 ./debug.o
 .comment       0x0000000000000034       0x35 ./memory.o
 .comment       0x0000000000000034       0x35 ./conversion.o
 .comment       0x0000000000000034       0x35 ./project1.o
 .comment       0x0000000000000034       0x35 ./circbuf.o
 .comment       0x0000000000000034       0x35 ./uart.o
 .comment       0x0000000000000034       0x35 ./unit_tests.o
 .comment       0x0000000000000034       0x35 /usr/lib/gcc/x86_64-linux-gnu/5/crtend.o

.debug
 *(.debug)

.line
 *(.line)

.debug_srcinfo
 *(.debug_srcinfo)

.debug_sfnames
 *(.debug_sfnames)

.debug_aranges  0x0000000000000000      0x180
 *(.debug_aranges)
 .debug_aranges
                0x0000000000000000       0x30 ./data1.o
 .debug_aranges
                0x0000000000000030       0x30 ./debug.o
 .debug_aranges
                0x0000000000000060       0x30 ./memory.o
 .debug_aranges
                0x0000000000000090       0x30 ./conversion.o
 .debug_aranges
                0x00000000000000c0       0x30 ./project1.o
 .debug_aranges
                0x00000000000000f0       0x30 ./circbuf.o
 .debug_aranges
                0x0000000000000120       0x30 ./uart.o
 .debug_aranges
                0x0000000000000150       0x30 ./unit_tests.o

.debug_pubnames
 *(.debug_pubnames)

.debug_info     0x0000000000000000     0x16a8
 *(.debug_info .gnu.linkonce.wi.*)
 .debug_info    0x0000000000000000      0x1dd ./data1.o
 .debug_info    0x00000000000001dd       0xdf ./debug.o
 .debug_info    0x00000000000002bc      0x2d0 ./memory.o
 .debug_info    0x000000000000058c      0x22d ./conversion.o
 .debug_info    0x00000000000007b9      0x425 ./project1.o
 .debug_info    0x0000000000000bde      0x2cf ./circbuf.o
 .debug_info    0x0000000000000ead      0x22a ./uart.o
 .debug_info    0x00000000000010d7      0x5d1 ./unit_tests.o

.debug_abbrev   0x0000000000000000      0x63a
 *(.debug_abbrev)
 .debug_abbrev  0x0000000000000000       0xbb ./data1.o
 .debug_abbrev  0x00000000000000bb       0x78 ./debug.o
 .debug_abbrev  0x0000000000000133       0xc6 ./memory.o
 .debug_abbrev  0x00000000000001f9       0xa3 ./conversion.o
 .debug_abbrev  0x000000000000029c       0xe3 ./project1.o
 .debug_abbrev  0x000000000000037f      0x107 ./circbuf.o
 .debug_abbrev  0x0000000000000486       0xb7 ./uart.o
 .debug_abbrev  0x000000000000053d       0xfd ./unit_tests.o

.debug_line     0x0000000000000000      0xb5d
 *(.debug_line .debug_line.* .debug_line_end)
 .debug_line    0x0000000000000000      0x12c ./data1.o
 .debug_line    0x000000000000012c       0x64 ./debug.o
 .debug_line    0x0000000000000190       0xf6 ./memory.o
 .debug_line    0x0000000000000286       0xd5 ./conversion.o
 .debug_line    0x000000000000035b      0x1df ./project1.o
 .debug_line    0x000000000000053a      0x17f ./circbuf.o
 .debug_line    0x00000000000006b9      0x15a ./uart.o
 .debug_line    0x0000000000000813      0x34a ./unit_tests.o

.debug_frame
 *(.debug_frame)

.debug_str      0x0000000000000000      0x5ff
 *(.debug_str)
 .debug_str     0x0000000000000000      0x19c ./data1.o
                                        0x1d0 (size before relaxing)
 .debug_str     0x000000000000019c       0x22 ./debug.o
                                        0x13b (size before relaxing)
 .debug_str     0x00000000000001be       0x86 ./memory.o
                                        0x19d (size before relaxing)
 .debug_str     0x0000000000000244       0x79 ./conversion.o
                                        0x1bb (size before relaxing)
 .debug_str     0x00000000000002bd       0x8f ./project1.o
                                        0x1c5 (size before relaxing)
 .debug_str     0x000000000000034c      0x101 ./circbuf.o
                                        0x21d (size before relaxing)
 .debug_str     0x000000000000044d       0xa0 ./uart.o
                                        0x1c0 (size before relaxing)
 .debug_str     0x00000000000004ed      0x112 ./unit_tests.o
                                        0x2f1 (size before relaxing)

.debug_loc
 *(.debug_loc)

.debug_macinfo
 *(.debug_macinfo)

.debug_weaknames
 *(.debug_weaknames)

.debug_funcnames
 *(.debug_funcnames)

.debug_typenames
 *(.debug_typenames)

.debug_varnames
 *(.debug_varnames)

.debug_pubtypes
 *(.debug_pubtypes)

.debug_ranges
 *(.debug_ranges)

.debug_macro
 *(.debug_macro)

.gnu.attributes
 *(.gnu.attributes)

/DISCARD/
 *(.note.GNU-stack)
 *(.gnu_debuglink)
 *(.gnu.lto_*)
OUTPUT(unit_tests.elf elf64-x86-64)
